------------------------------------------------------------
Timing Analyzer Summary
------------------------------------------------------------

Type  : Slow 1200mV 85C Model Setup 'Clock'
Slack : -5.327
TNS   : -114.145

Type  : Slow 1200mV 85C Model Setup 'Slow_Flip_Flop:Slow_Flip_Flop_1|Clock_Divider:cdiv|clock_out'
Slack : -0.256
TNS   : -0.256

Type  : Slow 1200mV 85C Model Setup 'Slow_Flip_Flop:Slow_Flip_Flop_2|Clock_Divider:cdiv|clock_out'
Slack : 0.145
TNS   : 0.000

Type  : Slow 1200mV 85C Model Setup 'Slow_Flip_Flop:Slow_Flip_Flop_0|Clock_Divider:cdiv|clock_out'
Slack : 0.298
TNS   : 0.000

Type  : Slow 1200mV 85C Model Hold 'Slow_Flip_Flop:Slow_Flip_Flop_2|Clock_Divider:cdiv|clock_out'
Slack : 0.144
TNS   : 0.000

Type  : Slow 1200mV 85C Model Hold 'Clock'
Slack : 0.345
TNS   : 0.000

Type  : Slow 1200mV 85C Model Hold 'Slow_Flip_Flop:Slow_Flip_Flop_1|Clock_Divider:cdiv|clock_out'
Slack : 0.378
TNS   : 0.000

Type  : Slow 1200mV 85C Model Hold 'Slow_Flip_Flop:Slow_Flip_Flop_0|Clock_Divider:cdiv|clock_out'
Slack : 0.393
TNS   : 0.000

Type  : Slow 1200mV 85C Model Minimum Pulse Width 'Clock'
Slack : -3.000
TNS   : -53.508

Type  : Slow 1200mV 85C Model Minimum Pulse Width 'Slow_Flip_Flop:Slow_Flip_Flop_0|Clock_Divider:cdiv|clock_out'
Slack : -1.403
TNS   : -1.403

Type  : Slow 1200mV 85C Model Minimum Pulse Width 'Slow_Flip_Flop:Slow_Flip_Flop_1|Clock_Divider:cdiv|clock_out'
Slack : -1.403
TNS   : -1.403

Type  : Slow 1200mV 85C Model Minimum Pulse Width 'Slow_Flip_Flop:Slow_Flip_Flop_2|Clock_Divider:cdiv|clock_out'
Slack : -1.403
TNS   : -1.403

Type  : Slow 1200mV 0C Model Setup 'Clock'
Slack : -4.807
TNS   : -100.983

Type  : Slow 1200mV 0C Model Setup 'Slow_Flip_Flop:Slow_Flip_Flop_1|Clock_Divider:cdiv|clock_out'
Slack : -0.135
TNS   : -0.135

Type  : Slow 1200mV 0C Model Setup 'Slow_Flip_Flop:Slow_Flip_Flop_2|Clock_Divider:cdiv|clock_out'
Slack : 0.243
TNS   : 0.000

Type  : Slow 1200mV 0C Model Setup 'Slow_Flip_Flop:Slow_Flip_Flop_0|Clock_Divider:cdiv|clock_out'
Slack : 0.362
TNS   : 0.000

Type  : Slow 1200mV 0C Model Hold 'Slow_Flip_Flop:Slow_Flip_Flop_2|Clock_Divider:cdiv|clock_out'
Slack : 0.138
TNS   : 0.000

Type  : Slow 1200mV 0C Model Hold 'Clock'
Slack : 0.311
TNS   : 0.000

Type  : Slow 1200mV 0C Model Hold 'Slow_Flip_Flop:Slow_Flip_Flop_1|Clock_Divider:cdiv|clock_out'
Slack : 0.339
TNS   : 0.000

Type  : Slow 1200mV 0C Model Hold 'Slow_Flip_Flop:Slow_Flip_Flop_0|Clock_Divider:cdiv|clock_out'
Slack : 0.355
TNS   : 0.000

Type  : Slow 1200mV 0C Model Minimum Pulse Width 'Clock'
Slack : -3.000
TNS   : -53.508

Type  : Slow 1200mV 0C Model Minimum Pulse Width 'Slow_Flip_Flop:Slow_Flip_Flop_0|Clock_Divider:cdiv|clock_out'
Slack : -1.403
TNS   : -1.403

Type  : Slow 1200mV 0C Model Minimum Pulse Width 'Slow_Flip_Flop:Slow_Flip_Flop_1|Clock_Divider:cdiv|clock_out'
Slack : -1.403
TNS   : -1.403

Type  : Slow 1200mV 0C Model Minimum Pulse Width 'Slow_Flip_Flop:Slow_Flip_Flop_2|Clock_Divider:cdiv|clock_out'
Slack : -1.403
TNS   : -1.403

Type  : Fast 1200mV 0C Model Setup 'Clock'
Slack : -1.616
TNS   : -27.248

Type  : Fast 1200mV 0C Model Setup 'Slow_Flip_Flop:Slow_Flip_Flop_1|Clock_Divider:cdiv|clock_out'
Slack : 0.447
TNS   : 0.000

Type  : Fast 1200mV 0C Model Setup 'Slow_Flip_Flop:Slow_Flip_Flop_2|Clock_Divider:cdiv|clock_out'
Slack : 0.633
TNS   : 0.000

Type  : Fast 1200mV 0C Model Setup 'Slow_Flip_Flop:Slow_Flip_Flop_0|Clock_Divider:cdiv|clock_out'
Slack : 0.694
TNS   : 0.000

Type  : Fast 1200mV 0C Model Hold 'Slow_Flip_Flop:Slow_Flip_Flop_2|Clock_Divider:cdiv|clock_out'
Slack : 0.048
TNS   : 0.000

Type  : Fast 1200mV 0C Model Hold 'Clock'
Slack : 0.148
TNS   : 0.000

Type  : Fast 1200mV 0C Model Hold 'Slow_Flip_Flop:Slow_Flip_Flop_1|Clock_Divider:cdiv|clock_out'
Slack : 0.166
TNS   : 0.000

Type  : Fast 1200mV 0C Model Hold 'Slow_Flip_Flop:Slow_Flip_Flop_0|Clock_Divider:cdiv|clock_out'
Slack : 0.170
TNS   : 0.000

Type  : Fast 1200mV 0C Model Minimum Pulse Width 'Clock'
Slack : -3.000
TNS   : -40.467

Type  : Fast 1200mV 0C Model Minimum Pulse Width 'Slow_Flip_Flop:Slow_Flip_Flop_0|Clock_Divider:cdiv|clock_out'
Slack : -1.000
TNS   : -1.000

Type  : Fast 1200mV 0C Model Minimum Pulse Width 'Slow_Flip_Flop:Slow_Flip_Flop_1|Clock_Divider:cdiv|clock_out'
Slack : -1.000
TNS   : -1.000

Type  : Fast 1200mV 0C Model Minimum Pulse Width 'Slow_Flip_Flop:Slow_Flip_Flop_2|Clock_Divider:cdiv|clock_out'
Slack : -1.000
TNS   : -1.000

------------------------------------------------------------
